[36mvite v6.4.1 [32mbuilding for production...[36m[39m
npx : 
At line:1 char:1
+ npx vite build 
2>&1 | Out-File 
-FilePath 
build_output.txt 
-Encoding u ...
+ ~~~~~~~~~~~~~~~~~~~
    + CategoryInfo   
           : NotSpe  
  cified: (:String   
 ) [], RemoteExce    
ption
    + FullyQualified 
   ErrorId : Native  
  CommandError
 
/index.css doesn't 
exist at build time, 
it will remain 
unchanged to be 
resolved at runtime
transforming...
[32mΓ£ô[39m 323 modules transformed.
[31mΓ£ù[39m Build 
failed in 1.69s
[31merror during 
build:
[31m[vite:esbuild] 
Transform failed 
with 1 error:
C:/Users/Nitesh/Downl
oads/gog/data/courses
Data.ts:116:8: 
ERROR: Expected "}" 
but found "fees"[31m
file: [36mC:/Users/N
itesh/Downloads/gog/d
ata/coursesData.ts:11
6:8[31m
[33m
[33mExpected "}" 
but found "fees"[33m
114|          
specialisations: 4,
115|          
certifications: 15, 
ibra
116|          fees: 
"Γé╣40,000/Year 
Staring..",
   |          ^
117|          link: 
"#",
118|          
isExternal: false
[31m
    at 
failureErrorWithLog (
C:\Users\Nitesh\Downl
oads\gog\node_modules
\esbuild\lib\main.js:
1467:15)
    at C:\Users\Nites
h\Downloads\gog\node_
modules\esbuild\lib\m
ain.js:736:50
    at responseCallba
cks.<computed> (C:\Us
ers\Nitesh\Downloads\
gog\node_modules\esbu
ild\lib\main.js:603:9
)
    at 
handleIncomingPacket 
(C:\Users\Nitesh\Down
loads\gog\node_module
s\esbuild\lib\main.js
:658:12)
    at Socket.readFro
mStdout (C:\Users\Nit
esh\Downloads\gog\nod
e_modules\esbuild\lib
\main.js:581:7)
    at Socket.emit 
(node:events:524:28)
    at addChunk (node
:internal/streams/rea
dable:561:12)
    at readableAddChu
nkPushByteMode (node:
internal/streams/read
able:512:3)
    at Readable.push 
(node:internal/stream
s/readable:392:5)
    at 
Pipe.onStreamRead (no
de:internal/stream_ba
se_commons:191:23)[3
9m
